
> frontend@0.1.0 test
> jest --no-coverage --testPathPattern=UsersAdminPage

testPathPattern:

  Option "testPathPattern" was replaced by "--testPathPatterns". "--testPathPatterns" is only available as a command-line option.
  
  Please update your configuration.

  CLI Options Documentation:
  https://jestjs.io/docs/cli

